[marketifythemes.net/html/aarlo/index-image.html]
[backblue.gif]
[fade.gif]
[index.html]
[marketifythemes.net/html/aarlo/css/plugins.css]
[marketifythemes.net/html/aarlo/css/modalboxes.css]
[marketifythemes.net/html/aarlo/css/style.css]
[marketifythemes.net/html/aarlo/img/about/1.jpg]
[marketifythemes.net/html/aarlo/img/logo/logo.png]
[marketifythemes.net/html/aarlo/img/cv/1.jpg]
[marketifythemes.net/html/aarlo/img/svg/quote.svg]
[marketifythemes.net/html/aarlo/img/testimonials/1.jpg]
[marketifythemes.net/html/aarlo/img/testimonials/2.jpg]
[marketifythemes.net/html/aarlo/img/testimonials/3.jpg]
[marketifythemes.net/html/aarlo/img/svg/anchor.svg]
[marketifythemes.net/html/aarlo/img/svg/web.svg]
[marketifythemes.net/html/aarlo/img/svg/physics.svg]
[marketifythemes.net/html/aarlo/img/svg/star.svg]
[marketifythemes.net/html/aarlo/img/thumbs/1-1.jpg]
[marketifythemes.net/html/aarlo/img/portfolio/1.jpg]
[marketifythemes.net/html/aarlo/img/portfolio/2.jpg]
[marketifythemes.net/html/aarlo/img/portfolio/3.jpg]
[marketifythemes.net/html/aarlo/img/portfolio/4.jpg]
[marketifythemes.net/html/aarlo/img/svg/social/facebook.svg]
[marketifythemes.net/html/aarlo/img/svg/social/twitter.svg]
[marketifythemes.net/html/aarlo/img/svg/social/instagram.svg]
[marketifythemes.net/html/aarlo/img/thumbs/4-2.jpg]
[marketifythemes.net/html/aarlo/img/portfolio/5.jpg]
[marketifythemes.net/html/aarlo/img/portfolio/6.jpg]
[marketifythemes.net/html/aarlo/img/portfolio/7.jpg]
[marketifythemes.net/html/aarlo/img/thumbs/4-3.jpg]
[marketifythemes.net/html/aarlo/img/news/1.jpg]
[marketifythemes.net/html/aarlo/img/news/2.jpg]
[marketifythemes.net/html/aarlo/img/news/3.jpg]
[marketifythemes.net/html/aarlo/js/jquery.js]
[marketifythemes.net/html/aarlo/js/plugins.js]
[marketifythemes.net/html/aarlo/js/contact.form.js]
[marketifythemes.net/html/aarlo/index-image.html]
[marketifythemes.net/html/aarlo/js/init.js]
[marketifythemes.net/html/aarlo/css/font/fontello3b7f.eot]
[marketifythemes.net/html/aarlo/css/font/fontello3b7f.woff2]
[marketifythemes.net/html/aarlo/css/font/fontello3b7f.woff]
[marketifythemes.net/html/aarlo/css/font/fontello3b7f.ttf]
[marketifythemes.net/html/aarlo/css/font/fontello3b7f.svg]
[marketifythemes.net/html/aarlo/css/owl.video.play.png]
[marketifythemes.net/html/aarlo/css/plugins.css]
[marketifythemes.net/html/aarlo/css/modalboxes.css]
[marketifythemes.net/html/aarlo/img/noise.png]
[marketifythemes.net/html/aarlo/css/style.css]
[marketifythemes.net/html/aarlo/img/svg/quote.svg]
[marketifythemes.net/html/aarlo/img/svg/anchor.svg]
[marketifythemes.net/html/aarlo/img/svg/web.svg]
[marketifythemes.net/html/aarlo/img/svg/physics.svg]
[marketifythemes.net/html/aarlo/img/svg/star.svg]
[marketifythemes.net/html/aarlo/img/svg/social/facebook.svg]
[marketifythemes.net/html/aarlo/img/svg/social/twitter.svg]
[marketifythemes.net/html/aarlo/img/svg/social/instagram.svg]
[marketifythemes.net/html/aarlo/js/jquery.js]
[marketifythemes.net/html/aarlo/js/plugins.js]
[marketifythemes.net/html/aarlo/js/contact.form.js]
[marketifythemes.net/html/aarlo/img.svg]
[marketifythemes.net/html/aarlo/js/init.js]
[marketifythemes.net/html/aarlo/css/font/fontello3b7f.svg]
[marketifythemes.net/html/aarlo/css/owl.video.play.html]
[marketifythemes.net/html/aarlo/img.html]
